###############################################################################
#
# IAR ELF Linker V3.10.1.201 for STM8                     04/Jul/2019  18:53:22
# Copyright 2010-2017 IAR Systems AB.
#
#    Output file  =  
#        C:\Users\Administrator\Desktop\spi_test\spi_host\pro\Debug\Exe\spi_host.out
#    Map file     =  
#        C:\Users\Administrator\Desktop\spi_test\spi_host\pro\Debug\List\spi_host.map
#    Command line =  
#        -f C:\Users\ADMINI~1\AppData\Local\Temp\EW5BD2.tmp
#        (C:\Users\Administrator\Desktop\spi_test\spi_host\pro\Debug\Obj\bsp_spi.o
#        C:\Users\Administrator\Desktop\spi_test\spi_host\pro\Debug\Obj\main.o
#        C:\Users\Administrator\Desktop\spi_test\spi_host\pro\Debug\Obj\stm8s_clk.o
#        C:\Users\Administrator\Desktop\spi_test\spi_host\pro\Debug\Obj\stm8s_gpio.o
#        C:\Users\Administrator\Desktop\spi_test\spi_host\pro\Debug\Obj\stm8s_it.o
#        C:\Users\Administrator\Desktop\spi_test\spi_host\pro\Debug\Obj\stm8s_iwdg.o
#        C:\Users\Administrator\Desktop\spi_test\spi_host\pro\Debug\Obj\stm8s_spi.o
#        C:\Users\Administrator\Desktop\spi_test\spi_host\pro\Debug\Obj\stm8s_tim4.o
#        C:\Users\Administrator\Desktop\spi_test\spi_host\pro\Debug\Obj\stm8s_uart1.o
#        C:\Users\Administrator\Desktop\spi_test\spi_host\pro\Debug\Obj\system.o
#        --redirect _Printf=_PrintfSmall --redirect _Scanf=_ScanfSmall -o
#        C:\Users\Administrator\Desktop\spi_test\spi_host\pro\Debug\Exe\spi_host.out
#        --map
#        C:\Users\Administrator\Desktop\spi_test\spi_host\pro\Debug\List\spi_host.map
#        --config "C:\Program Files (x86)\IAR Systems\Embedded Workbench
#        8.0\stm8\config\lnkstm8s103f3.icf" --config_def _CSTACK_SIZE=0x100
#        --config_def _HEAP_SIZE=0x100 --entry __iar_program_start --debug_lib)
#
###############################################################################

*******************************************************************************
*** RUNTIME MODEL ATTRIBUTES
***

__SystemLibrary            = DLib
__code_model               = small
__core                     = stm8
__data_model               = medium
__dlib_file_descriptor     = 0
__dlib_full_locale_support = 0
__rt_version               = 4


*******************************************************************************
*** PLACEMENT SUMMARY
***

"A0":  place at start of [0x000000-0x0000ff] { rw section .vregs };
"A1":  place at end of [0x000000-0x0003ff] { block CSTACK };
"P2":  place in [from 0x000000 to 0x0003ff] {
          block HEAP, rw section __DLIB_PERTHREAD, rw section .far.bss,
          rw section .far.data, rw section .far.noinit,
          rw section .far_func.textrw, rw section .huge.bss,
          rw section .huge.data, rw section .huge.noinit,
          rw section .huge_func.textrw, rw section .iar.dynexit,
          rw section .near.bss, rw section .near.data, rw section .near.noinit,
          rw section .near_func.textrw };
"A2":  place at start of [0x008000-0x009fff] { block INTVEC };
"P3":  place in [from 0x008000 to 0x009fff] {
          ro section __DLIB_PERTHREAD_init, ro section .far.data_init,
          ro section .far_func.textrw_init, ro section .huge.data_init,
          ro section .huge_func.textrw_init, ro section .iar.init_table,
          ro section .init_array, ro section .near.data_init,
          ro section .near.rodata, ro section .near_func.text,
          ro section .near_func.textrw_init, ro section .tiny.data_init,
          ro section .tiny.rodata_init };
"P4":  place in [from 0x008000 to 0x009fff] {
          ro section .far.rodata, ro section .far_func.text };
"P5":  place in [from 0x008000 to 0x009fff] {
          ro section .huge.rodata, ro section .huge_func.text };
do not initialize {
   rw section .eeprom.noinit, rw section .far.noinit, rw section .huge.noinit,
   rw section .near.noinit, rw section .tiny.noinit, rw section .vregs };

  Section          Kind      Address   Size  Object
  -------          ----      -------   ----  ------
"A0":                                  0x10
  .vregs           uninit   0x000000   0x10  vregs.o [4]
                          - 0x000010   0x10

"P2":                                   0x1
  .near.bss        zero     0x000010    0x1  bsp_spi.o [1]
                          - 0x000011    0x1

"A1":                                 0x100
  CSTACK                    0x000300  0x100  <Block>
    CSTACK         uninit   0x000300  0x100  <Block tail>
                          - 0x000400  0x100

"A2":                                  0x80
  INTVEC                    0x008000   0x80  <Block>
    .intvec        const    0x008000   0x80  interrupt.o [4]
                          - 0x008080   0x80

"P3-P5":                              0x652
  .near_func.text  ro code  0x008080  0x13f  stm8s_spi.o [1]
  .near_func.text  ro code  0x0081bf  0x110  stm8s_gpio.o [1]
  .near_func.text  ro code  0x0082cf   0x97  vreg_util.o [4]
  .near_func.text  ro code  0x008366   0x56  stm8s_spi.o [1]
  .near.rodata     const    0x0083bc   0x47  stm8s_uart1.o [1]
  .near_func.text  ro code  0x008403   0x47  bsp_spi.o [1]
  .near.rodata     const    0x00844a   0x46  stm8s_gpio.o [1]
  .near.rodata     const    0x008490   0x45  stm8s_spi.o [1]
  .near_func.text  ro code  0x0084d5   0x44  bsp_spi.o [1]
  .near_func.text  ro code  0x008519   0x36  stm8s_uart1.o [1]
  .near_func.text  ro code  0x00854f   0x33  stm8s_spi.o [1]
  .near_func.text  ro code  0x008582   0x27  bsp_spi.o [1]
  .near_func.text  ro code  0x0085a9   0x27  bsp_spi.o [1]
  .iar.init_table  const    0x0085d0    0x8  - Linker created -
  .near_func.text  ro code  0x0085d8   0x1e  init_small.o [4]
  .near_func.text  ro code  0x0085f6   0x19  stm8s_it.o [1]
  .near_func.text  ro code  0x00860f   0x16  memset.o [4]
  .near_func.text  ro code  0x008625   0x15  stm8s_spi.o [1]
  .near_func.text  ro code  0x00863a   0x14  bsp_spi.o [1]
  .near_func.text  ro code  0x00864e   0x14  init.o [4]
  .near_func.text  ro code  0x008662   0x14  __dbg_xxexit.o [3]
  .near_func.text  ro code  0x008676   0x13  cstartup.o [4]
  .near_func.text  ro code  0x008689    0xc  system.o [1]
  .near_func.text  ro code  0x008695    0x8  main.o [1]
  .near_func.text  ro code  0x00869d    0x7  stm8s_gpio.o [1]
  .near_func.text  ro code  0x0086a4    0x5  cexit.o [4]
  .near_func.text  ro code  0x0086a9    0x4  stm8s_gpio.o [1]
  .near_func.text  ro code  0x0086ad    0x3  system.o [1]
  .near_func.text  ro code  0x0086b0    0x3  interrupt.o [4]
  .near_func.text  ro code  0x0086b3    0x3  low_level_init.o [4]
  .near_func.text  ro code  0x0086b6    0x3  exit.o [4]
  .near_func.text  ro code  0x0086b9    0x3  unhandled_exception.o [4]
  .near_func.text  ro code  0x0086bc    0x2  main.o [1]
  .near_func.text  ro code  0x0086be    0x1  stm8s_it.o [1]
  .near_func.text  ro code  0x0086bf    0x1  stm8s_it.o [1]
  .near_func.text  ro code  0x0086c0    0x1  stm8s_it.o [1]
  .near_func.text  ro code  0x0086c1    0x1  stm8s_it.o [1]
  .near_func.text  ro code  0x0086c2    0x1  stm8s_it.o [1]
  .near_func.text  ro code  0x0086c3    0x1  stm8s_it.o [1]
  .near_func.text  ro code  0x0086c4    0x1  stm8s_it.o [1]
  .near_func.text  ro code  0x0086c5    0x1  stm8s_it.o [1]
  .near_func.text  ro code  0x0086c6    0x1  stm8s_it.o [1]
  .near_func.text  ro code  0x0086c7    0x1  stm8s_it.o [1]
  .near_func.text  ro code  0x0086c8    0x1  stm8s_it.o [1]
  .near_func.text  ro code  0x0086c9    0x1  stm8s_it.o [1]
  .near_func.text  ro code  0x0086ca    0x1  stm8s_it.o [1]
  .near_func.text  ro code  0x0086cb    0x1  stm8s_it.o [1]
  .near_func.text  ro code  0x0086cc    0x1  stm8s_it.o [1]
  .near_func.text  ro code  0x0086cd    0x1  stm8s_it.o [1]
  .near_func.text  ro code  0x0086ce    0x1  stm8s_it.o [1]
  .near_func.text  ro code  0x0086cf    0x1  stm8s_it.o [1]
  .near_func.text  ro code  0x0086d0    0x1  stm8s_it.o [1]
  .near_func.text  ro code  0x0086d1    0x1  __dbg_break.o [3]
                          - 0x0086d2  0x652


*******************************************************************************
*** INIT TABLE
***

          Address   Size
          -------   ----
Zero (__iar_zero_init2)
    1 destination range, total size 0x1:
          0x000010   0x1



*******************************************************************************
*** MODULE SUMMARY
***

    Module                 ro code  ro data  rw data
    ------                 -------  -------  -------
C:\Users\Administrator\Desktop\spi_test\spi_host\pro\Debug\Obj: [1]
    bsp_spi.o                  237                 1
    main.o                      10
    stm8s_gpio.o               283       70
    stm8s_it.o                  44
    stm8s_spi.o                477       69
    stm8s_uart1.o               54       71
    system.o                    15
    ------------------------------------------------
    Total:                   1 120      210        1

command line: [2]
    ------------------------------------------------
    Total:

dbgstm8smd.a: [3]
    __dbg_break.o                1
    __dbg_xxexit.o              20
    ------------------------------------------------
    Total:                      21

dlstm8smn.a: [4]
    cexit.o                      5
    cstartup.o                  19
    exit.o                       3
    init.o                      20
    init_small.o                30
    interrupt.o                  3      128
    low_level_init.o             3
    memset.o                    22
    unhandled_exception.o        3
    vreg_util.o                151
    vregs.o                                       16
    ------------------------------------------------
    Total:                     259      128       16

    Linker created                        8      256
----------------------------------------------------
    Grand Total:             1 400      346      273


*******************************************************************************
*** ENTRY LIST
***

Entry                    Address   Size  Type      Object
-----                    -------   ----  ----      ------
.iar.init_table$$Base   0x0085d0          --   Gb  - Linker created -
.iar.init_table$$Limit  0x0085d8          --   Gb  - Linker created -
?b0                     0x000000         Data  Gb  vregs.o [4]
?b1                     0x000001         Data  Gb  vregs.o [4]
?b10                    0x00000a         Data  Gb  vregs.o [4]
?b11                    0x00000b         Data  Gb  vregs.o [4]
?b12                    0x00000c         Data  Gb  vregs.o [4]
?b13                    0x00000d         Data  Gb  vregs.o [4]
?b14                    0x00000e         Data  Gb  vregs.o [4]
?b15                    0x00000f         Data  Gb  vregs.o [4]
?b2                     0x000002         Data  Gb  vregs.o [4]
?b3                     0x000003         Data  Gb  vregs.o [4]
?b4                     0x000004         Data  Gb  vregs.o [4]
?b5                     0x000005         Data  Gb  vregs.o [4]
?b6                     0x000006         Data  Gb  vregs.o [4]
?b7                     0x000007         Data  Gb  vregs.o [4]
?b8                     0x000008         Data  Gb  vregs.o [4]
?b9                     0x000009         Data  Gb  vregs.o [4]
?e0                     0x000001         Data  Gb  vregs.o [4]
?e1                     0x000005         Data  Gb  vregs.o [4]
?e2                     0x000009         Data  Gb  vregs.o [4]
?e3                     0x00000d         Data  Gb  vregs.o [4]
?epilogue_l2            0x00835e         Code  Gb  vreg_util.o [4]
?epilogue_l2_l3         0x00835b         Code  Gb  vreg_util.o [4]
?epilogue_w4            0x008362         Code  Gb  vreg_util.o [4]
?l0                     0x000000         Data  Gb  vregs.o [4]
?l1                     0x000004         Data  Gb  vregs.o [4]
?l2                     0x000008         Data  Gb  vregs.o [4]
?l3                     0x00000c         Data  Gb  vregs.o [4]
?pop_l0                 0x008327         Code  Gb  vreg_util.o [4]
?pop_l1                 0x008332         Code  Gb  vreg_util.o [4]
?pop_l2                 0x00833d         Code  Gb  vreg_util.o [4]
?pop_l3                 0x008348         Code  Gb  vreg_util.o [4]
?pop_w4                 0x0082e7         Code  Gb  vreg_util.o [4]
?push_l0                0x0082f6         Code  Gb  vreg_util.o [4]
?push_l1                0x0082fb         Code  Gb  vreg_util.o [4]
?push_l2                0x008300         Code  Gb  vreg_util.o [4]
?push_l3                0x008305         Code  Gb  vreg_util.o [4]
?push_w4                0x0082cf         Code  Gb  vreg_util.o [4]
?w0                     0x000000         Data  Gb  vregs.o [4]
?w1                     0x000002         Data  Gb  vregs.o [4]
?w2                     0x000004         Data  Gb  vregs.o [4]
?w3                     0x000006         Data  Gb  vregs.o [4]
?w4                     0x000008         Data  Gb  vregs.o [4]
?w5                     0x00000a         Data  Gb  vregs.o [4]
?w6                     0x00000c         Data  Gb  vregs.o [4]
?w7                     0x00000e         Data  Gb  vregs.o [4]
ADC1_IRQHandler         0x0086ce    0x1  Code  Gb  stm8s_it.o [1]
AWU_IRQHandler          0x0086c0    0x1  Code  Gb  stm8s_it.o [1]
CLK_IRQHandler          0x0086c1    0x1  Code  Gb  stm8s_it.o [1]
CSTACK$$Base            0x000300          --   Gb  - Linker created -
CSTACK$$Limit           0x000400          --   Gb  - Linker created -
CS_Init                 0x00863a   0x14  Code  Lc  bsp_spi.o [1]
EEPROM_EEC_IRQHandler   0x0086d0    0x1  Code  Gb  stm8s_it.o [1]
EXTI_PORTA_IRQHandler   0x0086c2    0x1  Code  Gb  stm8s_it.o [1]
EXTI_PORTB_IRQHandler   0x0086c3    0x1  Code  Gb  stm8s_it.o [1]
EXTI_PORTC_IRQHandler   0x0086c4    0x1  Code  Gb  stm8s_it.o [1]
EXTI_PORTD_IRQHandler   0x0086c5    0x1  Code  Gb  stm8s_it.o [1]
EXTI_PORTE_IRQHandler   0x0086c6    0x1  Code  Gb  stm8s_it.o [1]
GPIO_Init               0x0081bf  0x110  Code  Gb  stm8s_gpio.o [1]
GPIO_WriteHigh          0x00869d    0x7  Code  Gb  stm8s_gpio.o [1]
GPIO_WriteLow           0x0086a9    0x4  Code  Gb  stm8s_gpio.o [1]
I2C_IRQHandler          0x0086cd    0x1  Code  Gb  stm8s_it.o [1]
INTVEC$$Base            0x008000          --   Gb  - Linker created -
INTVEC$$Limit           0x008080          --   Gb  - Linker created -
Protocol_Send           0x0084d5   0x44  Code  Gb  bsp_spi.o [1]
Region$$Table$$Base     0x0085d0          --   Gb  - Linker created -
Region$$Table$$Limit    0x0085d8          --   Gb  - Linker created -
SPI_Cmd                 0x00854f   0x2f  Code  Gb  stm8s_spi.o [1]
SPI_DeInit              0x008625   0x15  Code  Gb  stm8s_spi.o [1]
SPI_GetFlagStatus       0x008366   0x56  Code  Gb  stm8s_spi.o [1]
SPI_IRQHandler          0x0086c7    0x1  Code  Gb  stm8s_it.o [1]
SPI_Init                0x008080  0x13f  Code  Gb  stm8s_spi.o [1]
SPI_SendData            0x00857e    0x4  Code  Gb  stm8s_spi.o [1]
SendData                0x0085a9   0x27  Code  Lc  bsp_spi.o [1]
SendData::i             0x000010    0x1  Data  Lc  bsp_spi.o [1]
Spi_Init                0x008403   0x47  Code  Gb  bsp_spi.o [1]
System_Handle           0x008689    0xc  Code  Gb  system.o [1]
System_Init             0x0086ad    0x3  Code  Gb  system.o [1]
TIM1_CAP_COM_IRQHandler
                        0x0086c9    0x1  Code  Gb  stm8s_it.o [1]
TIM1_UPD_OVF_TRG_BRK_IRQHandler
                        0x0086c8    0x1  Code  Gb  stm8s_it.o [1]
TIM2_CAP_COM_IRQHandler
                        0x0086cb    0x1  Code  Gb  stm8s_it.o [1]
TIM2_UPD_OVF_BRK_IRQHandler
                        0x0086ca    0x1  Code  Gb  stm8s_it.o [1]
TIM4_UPD_OVF_IRQHandler
                        0x0086cf    0x1  Code  Gb  stm8s_it.o [1]
TLI_IRQHandler          0x0086bf    0x1  Code  Gb  stm8s_it.o [1]
TRAP_IRQHandler         0x0086be    0x1  Code  Gb  stm8s_it.o [1]
UART1_ClearITPendingBit
                        0x008519   0x36  Code  Gb  stm8s_uart1.o [1]
UART1_RX_IRQHandler     0x0085f6   0x19  Code  Gb  stm8s_it.o [1]
UART1_TX_IRQHandler     0x0086cc    0x1  Code  Gb  stm8s_it.o [1]
__DebugBreak            0x0086d1    0x1  Code  Gb  __dbg_break.o [3]
__exit                  0x008662   0x14  Code  Gb  __dbg_xxexit.o [3]
__iar_data_init2        0x00864e   0x14  Code  Gb  init.o [4]
__iar_program_start     0x008676         Code  Gb  cstartup.o [4]
__iar_unhandled_exception
                        0x0086b9         Code  Gb  unhandled_exception.o [4]
__iar_zero_init2        0x0085d8         Code  Gb  init_small.o [4]
__intvec                0x008000         Data  Gb  interrupt.o [4]
__low_level_init        0x0086b3    0x3  Code  Gb  low_level_init.o [4]
_exit                   0x0086a4         Code  Gb  cexit.o [4]
_interrupt_1            0x0086be         Code  Gb  stm8s_it.o [1]
_interrupt_12           0x0086c7         Code  Gb  stm8s_it.o [1]
_interrupt_13           0x0086c8         Code  Gb  stm8s_it.o [1]
_interrupt_14           0x0086c9         Code  Gb  stm8s_it.o [1]
_interrupt_15           0x0086ca         Code  Gb  stm8s_it.o [1]
_interrupt_16           0x0086cb         Code  Gb  stm8s_it.o [1]
_interrupt_19           0x0086cc         Code  Gb  stm8s_it.o [1]
_interrupt_2            0x0086bf         Code  Gb  stm8s_it.o [1]
_interrupt_20           0x0085f6         Code  Gb  stm8s_it.o [1]
_interrupt_21           0x0086cd         Code  Gb  stm8s_it.o [1]
_interrupt_24           0x0086ce         Code  Gb  stm8s_it.o [1]
_interrupt_25           0x0086cf         Code  Gb  stm8s_it.o [1]
_interrupt_26           0x0086d0         Code  Gb  stm8s_it.o [1]
_interrupt_3            0x0086c0         Code  Gb  stm8s_it.o [1]
_interrupt_4            0x0086c1         Code  Gb  stm8s_it.o [1]
_interrupt_5            0x0086c2         Code  Gb  stm8s_it.o [1]
_interrupt_6            0x0086c3         Code  Gb  stm8s_it.o [1]
_interrupt_7            0x0086c4         Code  Gb  stm8s_it.o [1]
_interrupt_8            0x0086c5         Code  Gb  stm8s_it.o [1]
_interrupt_9            0x0086c6         Code  Gb  stm8s_it.o [1]
assert_failed           0x0086bc    0x2  Code  Gb  main.o [1]
exit                    0x0086b6    0x3  Code  Gb  exit.o [4]
main                    0x008695    0x8  Code  Gb  main.o [1]
memset                  0x00860f   0x16  Code  Gb  memset.o [4]
spi_rw                  0x008582   0x27  Code  Lc  bsp_spi.o [1]


[1] = C:\Users\Administrator\Desktop\spi_test\spi_host\pro\Debug\Obj
[2] = command line
[3] = dbgstm8smd.a
[4] = dlstm8smn.a

  1 400 bytes of readonly  code memory
    346 bytes of readonly  data memory
    273 bytes of readwrite data memory

Errors: none
Warnings: none
