###############################################################################
#
# IAR ELF Linker V3.10.1.201 for STM8                     03/Jul/2019  21:09:50
# Copyright 2010-2017 IAR Systems AB.
#
#    Output file  =  C:\Users\Administrator\Desktop\spi\pro\Debug\Exe\spi.out
#    Map file     =  C:\Users\Administrator\Desktop\spi\pro\Debug\List\spi.map
#    Command line =  
#        -f C:\Users\ADMINI~1\AppData\Local\Temp\EWFECF.tmp
#        (C:\Users\Administrator\Desktop\spi\pro\Debug\Obj\bsp_cs.o
#        C:\Users\Administrator\Desktop\spi\pro\Debug\Obj\bsp_led.o
#        C:\Users\Administrator\Desktop\spi\pro\Debug\Obj\bsp_spi.o
#        C:\Users\Administrator\Desktop\spi\pro\Debug\Obj\main.o
#        C:\Users\Administrator\Desktop\spi\pro\Debug\Obj\stm8s_clk.o
#        C:\Users\Administrator\Desktop\spi\pro\Debug\Obj\stm8s_flash.o
#        C:\Users\Administrator\Desktop\spi\pro\Debug\Obj\stm8s_gpio.o
#        C:\Users\Administrator\Desktop\spi\pro\Debug\Obj\stm8s_i2c.o
#        C:\Users\Administrator\Desktop\spi\pro\Debug\Obj\stm8s_it.o
#        C:\Users\Administrator\Desktop\spi\pro\Debug\Obj\stm8s_itc.o
#        C:\Users\Administrator\Desktop\spi\pro\Debug\Obj\stm8s_iwdg.o
#        C:\Users\Administrator\Desktop\spi\pro\Debug\Obj\stm8s_spi.o
#        C:\Users\Administrator\Desktop\spi\pro\Debug\Obj\stm8s_tim4.o
#        C:\Users\Administrator\Desktop\spi\pro\Debug\Obj\stm8s_uart1.o
#        C:\Users\Administrator\Desktop\spi\pro\Debug\Obj\system.o --redirect
#        _Printf=_PrintfSmall --redirect _Scanf=_ScanfSmall -o
#        C:\Users\Administrator\Desktop\spi\pro\Debug\Exe\spi.out --map
#        C:\Users\Administrator\Desktop\spi\pro\Debug\List\spi.map --config
#        "C:\Program Files (x86)\IAR Systems\Embedded Workbench
#        8.0\stm8\config\lnkstm8s103f3.icf" --config_def _CSTACK_SIZE=0x100
#        --config_def _HEAP_SIZE=0x100 --entry __iar_program_start --debug_lib)
#
###############################################################################

*******************************************************************************
*** RUNTIME MODEL ATTRIBUTES
***

__SystemLibrary            = DLib
__code_model               = small
__core                     = stm8
__data_model               = medium
__dlib_file_descriptor     = 0
__dlib_full_locale_support = 0
__rt_version               = 4


*******************************************************************************
*** PLACEMENT SUMMARY
***

"A0":  place at start of [0x000000-0x0000ff] { rw section .vregs };
"A1":  place at end of [0x000000-0x0003ff] { block CSTACK };
"P2":  place in [from 0x000000 to 0x0003ff] {
          block HEAP, rw section __DLIB_PERTHREAD, rw section .far.bss,
          rw section .far.data, rw section .far.noinit,
          rw section .far_func.textrw, rw section .huge.bss,
          rw section .huge.data, rw section .huge.noinit,
          rw section .huge_func.textrw, rw section .iar.dynexit,
          rw section .near.bss, rw section .near.data, rw section .near.noinit,
          rw section .near_func.textrw };
"A2":  place at start of [0x008000-0x009fff] { block INTVEC };
"P3":  place in [from 0x008000 to 0x009fff] {
          ro section __DLIB_PERTHREAD_init, ro section .far.data_init,
          ro section .far_func.textrw_init, ro section .huge.data_init,
          ro section .huge_func.textrw_init, ro section .iar.init_table,
          ro section .init_array, ro section .near.data_init,
          ro section .near.rodata, ro section .near_func.text,
          ro section .near_func.textrw_init, ro section .tiny.data_init,
          ro section .tiny.rodata_init };
"P4":  place in [from 0x008000 to 0x009fff] {
          ro section .far.rodata, ro section .far_func.text };
"P5":  place in [from 0x008000 to 0x009fff] {
          ro section .huge.rodata, ro section .huge_func.text };
do not initialize {
   rw section .eeprom.noinit, rw section .far.noinit, rw section .huge.noinit,
   rw section .near.noinit, rw section .tiny.noinit, rw section .vregs };

  Section          Kind      Address   Size  Object
  -------          ----      -------   ----  ------
"A0":                                  0x10
  .vregs           uninit   0x000000   0x10  vregs.o [4]
                          - 0x000010   0x10

"P2":                                   0xc
  .near.bss        zero     0x000010    0x7  bsp_spi.o [1]
  .near.bss        zero     0x000017    0x2  bsp_spi.o [1]
  .near.bss        zero     0x000019    0x1  bsp_spi.o [1]
  .near.bss        zero     0x00001a    0x1  bsp_spi.o [1]
  .near.bss        zero     0x00001b    0x1  bsp_spi.o [1]
                          - 0x00001c    0xc

"A1":                                 0x100
  CSTACK                    0x000300  0x100  <Block>
    CSTACK         uninit   0x000300  0x100  <Block tail>
                          - 0x000400  0x100

"A2":                                  0x80
  INTVEC                    0x008000   0x80  <Block>
    .intvec        const    0x008000   0x80  interrupt.o [4]
                          - 0x008080   0x80

"P3-P5":                              0x72e
  .near_func.text  ro code  0x008080  0x13f  stm8s_spi.o [1]
  .near_func.text  ro code  0x0081bf  0x110  stm8s_gpio.o [1]
  .near_func.text  ro code  0x0082cf   0xa4  stm8s_spi.o [1]
  .near_func.text  ro code  0x008373   0x97  vreg_util.o [4]
  .near_func.text  ro code  0x00840a   0x56  stm8s_spi.o [1]
  .near_func.text  ro code  0x008460   0x55  bsp_spi.o [1]
  .near_func.text  ro code  0x0084b5   0x53  bsp_spi.o [1]
  .near_func.text  ro code  0x008508   0x4d  bsp_spi.o [1]
  .near_func.text  ro code  0x008555   0x3a  stm8s_spi.o [1]
  .near.rodata     const    0x00858f   0x39  stm8s_uart1.o [1]
  .near.rodata     const    0x0085c8   0x38  stm8s_gpio.o [1]
  .near.rodata     const    0x008600   0x37  stm8s_spi.o [1]
  .near_func.text  ro code  0x008637   0x36  stm8s_uart1.o [1]
  .iar.init_table  const    0x00866d    0x8  - Linker created -
  .near_func.text  ro code  0x008675   0x1e  init_small.o [4]
  .near_func.text  ro code  0x008693   0x19  stm8s_it.o [1]
  .near_func.text  ro code  0x0086ac   0x18  stm8s_it.o [1]
  .near_func.text  ro code  0x0086c4   0x16  memset.o [4]
  .near_func.text  ro code  0x0086da   0x15  stm8s_spi.o [1]
  .near_func.text  ro code  0x0086ef   0x14  bsp_led.o [1]
  .near_func.text  ro code  0x008703   0x14  init.o [4]
  .near_func.text  ro code  0x008717   0x14  __dbg_xxexit.o [3]
  .near_func.text  ro code  0x00872b   0x13  bsp_spi.o [1]
  .near_func.text  ro code  0x00873e   0x13  cstartup.o [4]
  .near_func.text  ro code  0x008751    0xe  bsp_spi.o [1]
  .near_func.text  ro code  0x00875f    0x8  main.o [1]
  .near_func.text  ro code  0x008767    0x8  system.o [1]
  .near_func.text  ro code  0x00876f    0x8  short.o [4]
  .near_func.text  ro code  0x008777    0x7  stm8s_gpio.o [1]
  .near_func.text  ro code  0x00877e    0x6  system.o [1]
  .near_func.text  ro code  0x008784    0x5  cexit.o [4]
  .near_func.text  ro code  0x008789    0x4  stm8s_gpio.o [1]
  .near_func.text  ro code  0x00878d    0x3  interrupt.o [4]
  .near_func.text  ro code  0x008790    0x3  low_level_init.o [4]
  .near_func.text  ro code  0x008793    0x3  exit.o [4]
  .near_func.text  ro code  0x008796    0x3  unhandled_exception.o [4]
  .near_func.text  ro code  0x008799    0x2  main.o [1]
  .near_func.text  ro code  0x00879b    0x1  stm8s_it.o [1]
  .near_func.text  ro code  0x00879c    0x1  stm8s_it.o [1]
  .near_func.text  ro code  0x00879d    0x1  stm8s_it.o [1]
  .near_func.text  ro code  0x00879e    0x1  stm8s_it.o [1]
  .near_func.text  ro code  0x00879f    0x1  stm8s_it.o [1]
  .near_func.text  ro code  0x0087a0    0x1  stm8s_it.o [1]
  .near_func.text  ro code  0x0087a1    0x1  stm8s_it.o [1]
  .near_func.text  ro code  0x0087a2    0x1  stm8s_it.o [1]
  .near_func.text  ro code  0x0087a3    0x1  stm8s_it.o [1]
  .near_func.text  ro code  0x0087a4    0x1  stm8s_it.o [1]
  .near_func.text  ro code  0x0087a5    0x1  stm8s_it.o [1]
  .near_func.text  ro code  0x0087a6    0x1  stm8s_it.o [1]
  .near_func.text  ro code  0x0087a7    0x1  stm8s_it.o [1]
  .near_func.text  ro code  0x0087a8    0x1  stm8s_it.o [1]
  .near_func.text  ro code  0x0087a9    0x1  stm8s_it.o [1]
  .near_func.text  ro code  0x0087aa    0x1  stm8s_it.o [1]
  .near_func.text  ro code  0x0087ab    0x1  stm8s_it.o [1]
  .near_func.text  ro code  0x0087ac    0x1  stm8s_it.o [1]
  .near_func.text  ro code  0x0087ad    0x1  __dbg_break.o [3]
                          - 0x0087ae  0x72e


*******************************************************************************
*** INIT TABLE
***

          Address   Size
          -------   ----
Zero (__iar_zero_init2)
    1 destination range, total size 0xc:
          0x000010   0xc



*******************************************************************************
*** MODULE SUMMARY
***

    Module                 ro code  ro data  rw data
    ------                 -------  -------  -------
C:\Users\Administrator\Desktop\spi\pro\Debug\Obj: [1]
    bsp_led.o                   20
    bsp_spi.o                  278                12
    main.o                      10
    stm8s_gpio.o               283       56
    stm8s_it.o                  67
    stm8s_spi.o                648       55
    stm8s_uart1.o               54       57
    system.o                    14
    ------------------------------------------------
    Total:                   1 374      168       12

command line: [2]
    ------------------------------------------------
    Total:

dbgstm8smd.a: [3]
    __dbg_break.o                1
    __dbg_xxexit.o              20
    ------------------------------------------------
    Total:                      21

dlstm8smn.a: [4]
    cexit.o                      5
    cstartup.o                  19
    exit.o                       3
    init.o                      20
    init_small.o                30
    interrupt.o                  3      128
    low_level_init.o             3
    memset.o                    22
    short.o                      8
    unhandled_exception.o        3
    vreg_util.o                151
    vregs.o                                       16
    ------------------------------------------------
    Total:                     267      128       16

    Linker created                        8      256
----------------------------------------------------
    Grand Total:             1 662      304      284


*******************************************************************************
*** ENTRY LIST
***

Entry                    Address   Size  Type      Object
-----                    -------   ----  ----      ------
.iar.init_table$$Base   0x00866d          --   Gb  - Linker created -
.iar.init_table$$Limit  0x008675          --   Gb  - Linker created -
?b0                     0x000000         Data  Gb  vregs.o [4]
?b1                     0x000001         Data  Gb  vregs.o [4]
?b10                    0x00000a         Data  Gb  vregs.o [4]
?b11                    0x00000b         Data  Gb  vregs.o [4]
?b12                    0x00000c         Data  Gb  vregs.o [4]
?b13                    0x00000d         Data  Gb  vregs.o [4]
?b14                    0x00000e         Data  Gb  vregs.o [4]
?b15                    0x00000f         Data  Gb  vregs.o [4]
?b2                     0x000002         Data  Gb  vregs.o [4]
?b3                     0x000003         Data  Gb  vregs.o [4]
?b4                     0x000004         Data  Gb  vregs.o [4]
?b5                     0x000005         Data  Gb  vregs.o [4]
?b6                     0x000006         Data  Gb  vregs.o [4]
?b7                     0x000007         Data  Gb  vregs.o [4]
?b8                     0x000008         Data  Gb  vregs.o [4]
?b9                     0x000009         Data  Gb  vregs.o [4]
?e0                     0x000001         Data  Gb  vregs.o [4]
?e1                     0x000005         Data  Gb  vregs.o [4]
?e2                     0x000009         Data  Gb  vregs.o [4]
?e3                     0x00000d         Data  Gb  vregs.o [4]
?epilogue_l2            0x008402         Code  Gb  vreg_util.o [4]
?epilogue_l2_l3         0x0083ff         Code  Gb  vreg_util.o [4]
?epilogue_w4            0x008406         Code  Gb  vreg_util.o [4]
?l0                     0x000000         Data  Gb  vregs.o [4]
?l1                     0x000004         Data  Gb  vregs.o [4]
?l2                     0x000008         Data  Gb  vregs.o [4]
?l3                     0x00000c         Data  Gb  vregs.o [4]
?pop_l0                 0x0083cb         Code  Gb  vreg_util.o [4]
?pop_l1                 0x0083d6         Code  Gb  vreg_util.o [4]
?pop_l2                 0x0083e1         Code  Gb  vreg_util.o [4]
?pop_l3                 0x0083ec         Code  Gb  vreg_util.o [4]
?pop_w4                 0x00838b         Code  Gb  vreg_util.o [4]
?push_l0                0x00839a         Code  Gb  vreg_util.o [4]
?push_l1                0x00839f         Code  Gb  vreg_util.o [4]
?push_l2                0x0083a4         Code  Gb  vreg_util.o [4]
?push_l3                0x0083a9         Code  Gb  vreg_util.o [4]
?push_w4                0x008373         Code  Gb  vreg_util.o [4]
?sll16_x_x_a            0x00876f         Code  Gb  short.o [4]
?w0                     0x000000         Data  Gb  vregs.o [4]
?w1                     0x000002         Data  Gb  vregs.o [4]
?w2                     0x000004         Data  Gb  vregs.o [4]
?w3                     0x000006         Data  Gb  vregs.o [4]
?w4                     0x000008         Data  Gb  vregs.o [4]
?w5                     0x00000a         Data  Gb  vregs.o [4]
?w6                     0x00000c         Data  Gb  vregs.o [4]
?w7                     0x00000e         Data  Gb  vregs.o [4]
ADC1_IRQHandler         0x0087aa    0x1  Code  Gb  stm8s_it.o [1]
AWU_IRQHandler          0x00879d    0x1  Code  Gb  stm8s_it.o [1]
CLK_IRQHandler          0x00879e    0x1  Code  Gb  stm8s_it.o [1]
CSTACK$$Base            0x000300          --   Gb  - Linker created -
CSTACK$$Limit           0x000400          --   Gb  - Linker created -
EEPROM_EEC_IRQHandler   0x0087ac    0x1  Code  Gb  stm8s_it.o [1]
EXTI_PORTA_IRQHandler   0x00879f    0x1  Code  Gb  stm8s_it.o [1]
EXTI_PORTB_IRQHandler   0x0087a0    0x1  Code  Gb  stm8s_it.o [1]
EXTI_PORTC_IRQHandler   0x0087a1    0x1  Code  Gb  stm8s_it.o [1]
EXTI_PORTD_IRQHandler   0x0087a2    0x1  Code  Gb  stm8s_it.o [1]
EXTI_PORTE_IRQHandler   0x0087a3    0x1  Code  Gb  stm8s_it.o [1]
GPIO_Init               0x0081bf  0x110  Code  Gb  stm8s_gpio.o [1]
GPIO_WriteHigh          0x008777    0x7  Code  Gb  stm8s_gpio.o [1]
GPIO_WriteLow           0x008789    0x4  Code  Gb  stm8s_gpio.o [1]
I2C_IRQHandler          0x0087a9    0x1  Code  Gb  stm8s_it.o [1]
IFComplete              0x008751    0xe  Code  Lc  bsp_spi.o [1]
INTVEC$$Base            0x008000          --   Gb  - Linker created -
INTVEC$$Limit           0x008080          --   Gb  - Linker created -
Led_Init                0x0086ef   0x14  Code  Gb  bsp_led.o [1]
Region$$Table$$Base     0x00866d          --   Gb  - Linker created -
Region$$Table$$Limit    0x008675          --   Gb  - Linker created -
RevDataHandle           0x0084b5   0x53  Code  Gb  bsp_spi.o [1]
RevDataHandle::RevTempData
                        0x000017    0x2  Data  Lc  bsp_spi.o [1]
RevDataProcessHandle    0x008460   0x55  Code  Gb  bsp_spi.o [1]
Rev_Data                0x00001a    0x1  Data  Gb  bsp_spi.o [1]
Rev_Num                 0x000019    0x1  Data  Gb  bsp_spi.o [1]
Rev_String              0x000010    0x7  Data  Gb  bsp_spi.o [1]
SPI_ClearITPendingBit   0x008555   0x3a  Code  Gb  stm8s_spi.o [1]
SPI_Cmd                 0x0082cf   0x2f  Code  Gb  stm8s_spi.o [1]
SPI_DeInit              0x0086da   0x15  Code  Gb  stm8s_spi.o [1]
SPI_GetFlagStatus       0x00840a   0x56  Code  Gb  stm8s_spi.o [1]
SPI_IRQHandler          0x0086ac   0x18  Code  Gb  stm8s_it.o [1]
SPI_ITConfig            0x0082fe   0x71  Code  Gb  stm8s_spi.o [1]
SPI_Init                0x008080  0x13f  Code  Gb  stm8s_spi.o [1]
SPI_ReceiveData         0x00836f    0x4  Code  Gb  stm8s_spi.o [1]
Spi_Init                0x008508   0x4d  Code  Gb  bsp_spi.o [1]
Spi_RevByte             0x00872b   0x13  Code  Lc  bsp_spi.o [1]
Spi_RevByte::byte       0x00001b    0x1  Data  Lc  bsp_spi.o [1]
System_Handle           0x00877e    0x6  Code  Gb  system.o [1]
System_Init             0x008767    0x8  Code  Gb  system.o [1]
TIM1_CAP_COM_IRQHandler
                        0x0087a5    0x1  Code  Gb  stm8s_it.o [1]
TIM1_UPD_OVF_TRG_BRK_IRQHandler
                        0x0087a4    0x1  Code  Gb  stm8s_it.o [1]
TIM2_CAP_COM_IRQHandler
                        0x0087a7    0x1  Code  Gb  stm8s_it.o [1]
TIM2_UPD_OVF_BRK_IRQHandler
                        0x0087a6    0x1  Code  Gb  stm8s_it.o [1]
TIM4_UPD_OVF_IRQHandler
                        0x0087ab    0x1  Code  Gb  stm8s_it.o [1]
TLI_IRQHandler          0x00879c    0x1  Code  Gb  stm8s_it.o [1]
TRAP_IRQHandler         0x00879b    0x1  Code  Gb  stm8s_it.o [1]
UART1_ClearITPendingBit
                        0x008637   0x36  Code  Gb  stm8s_uart1.o [1]
UART1_RX_IRQHandler     0x008693   0x19  Code  Gb  stm8s_it.o [1]
UART1_TX_IRQHandler     0x0087a8    0x1  Code  Gb  stm8s_it.o [1]
__DebugBreak            0x0087ad    0x1  Code  Gb  __dbg_break.o [3]
__exit                  0x008717   0x14  Code  Gb  __dbg_xxexit.o [3]
__iar_data_init2        0x008703   0x14  Code  Gb  init.o [4]
__iar_program_start     0x00873e         Code  Gb  cstartup.o [4]
__iar_unhandled_exception
                        0x008796         Code  Gb  unhandled_exception.o [4]
__iar_zero_init2        0x008675         Code  Gb  init_small.o [4]
__intvec                0x008000         Data  Gb  interrupt.o [4]
__low_level_init        0x008790    0x3  Code  Gb  low_level_init.o [4]
_exit                   0x008784         Code  Gb  cexit.o [4]
_interrupt_1            0x00879b         Code  Gb  stm8s_it.o [1]
_interrupt_12           0x0086ac         Code  Gb  stm8s_it.o [1]
_interrupt_13           0x0087a4         Code  Gb  stm8s_it.o [1]
_interrupt_14           0x0087a5         Code  Gb  stm8s_it.o [1]
_interrupt_15           0x0087a6         Code  Gb  stm8s_it.o [1]
_interrupt_16           0x0087a7         Code  Gb  stm8s_it.o [1]
_interrupt_19           0x0087a8         Code  Gb  stm8s_it.o [1]
_interrupt_2            0x00879c         Code  Gb  stm8s_it.o [1]
_interrupt_20           0x008693         Code  Gb  stm8s_it.o [1]
_interrupt_21           0x0087a9         Code  Gb  stm8s_it.o [1]
_interrupt_24           0x0087aa         Code  Gb  stm8s_it.o [1]
_interrupt_25           0x0087ab         Code  Gb  stm8s_it.o [1]
_interrupt_26           0x0087ac         Code  Gb  stm8s_it.o [1]
_interrupt_3            0x00879d         Code  Gb  stm8s_it.o [1]
_interrupt_4            0x00879e         Code  Gb  stm8s_it.o [1]
_interrupt_5            0x00879f         Code  Gb  stm8s_it.o [1]
_interrupt_6            0x0087a0         Code  Gb  stm8s_it.o [1]
_interrupt_7            0x0087a1         Code  Gb  stm8s_it.o [1]
_interrupt_8            0x0087a2         Code  Gb  stm8s_it.o [1]
_interrupt_9            0x0087a3         Code  Gb  stm8s_it.o [1]
assert_failed           0x008799    0x2  Code  Gb  main.o [1]
exit                    0x008793    0x3  Code  Gb  exit.o [4]
main                    0x00875f    0x8  Code  Gb  main.o [1]
memset                  0x0086c4   0x16  Code  Gb  memset.o [4]


[1] = C:\Users\Administrator\Desktop\spi\pro\Debug\Obj
[2] = command line
[3] = dbgstm8smd.a
[4] = dlstm8smn.a

  1 662 bytes of readonly  code memory
    304 bytes of readonly  data memory
    284 bytes of readwrite data memory

Errors: none
Warnings: none
